Microchip MPLAB XC8 Compiler V2.32

Linker command line:

-W-3 --edf=C:\Program Files\Microchip\xc8\v2.32\pic\dat\en_msgs.txt -cn \
  -h+dist/default/production\CLOCK_CALENDAR.X.production.sym \
  --cmf=dist/default/production\CLOCK_CALENDAR.X.production.cmf -z \
  -Q18F45K50 -oC:\Users\CURSOS\AppData\Local\Temp\xcAs1to.4 \
  --defsym=__MPLAB_BUILD=1 \
  -Mdist/default/production/CLOCK_CALENDAR.X.production.map -E1 \
  -ver=XC8 Compiler --acfsm=1493 -ASTACK=02D0h-07FFh -pstack=STACK \
  -ACODE=00h-07FFFh -ACONST=00h-07FFFh -ASMALLCONST=0800h-08FFhx120 \
  -AMEDIUMCONST=0800h-07FFFh -ACOMRAM=01h-05Fh -AABS1=00h-07FFh \
  -ABIGRAM=01h-07FFh -ARAM=060h-0FFh,0100h-01FFhx7 -ABANK0=060h-0FFh \
  -ABANK1=0100h-01FFh -ABANK2=0200h-02FFh -ABANK3=0300h-03FFh \
  -ABANK4=0400h-04FFh -ABANK5=0500h-05FFh -ABANK6=0600h-06FFh \
  -ABANK7=0700h-07FFh -ASFR=0F53h-0F5Fh,0F60h-0FFFh \
  -ACONFIG=0300000h-030000Dh -AIDLOC=0200000h-0200007h \
  -AEEDATA=0F00000h-0F000FFh -peeprom_data=EEDATA \
  -preset_vec=00h,intcode=08h,intcodelo=018h,powerup,init -pramtop=0800h \
  -psmallconst=SMALLCONST -pmediumconst=MEDIUMCONST -pconst=CONST \
  -AFARRAM=00h-00h \
  -prdata=COMRAM,nvrram=COMRAM,nvbit=COMRAM,rbss=COMRAM,rbit=COMRAM \
  -pfarbss=FARRAM,fardata=FARRAM,nvFARRAM=FARRAM \
  -pintsave_regs=BIGRAM,bigbss=BIGRAM,bigdata=BIGRAM -pbss=RAM \
  -pidata=CODE,irdata=CODE,ibigdata=CODE,ifardata=CODE -prparam=COMRAM \
  C:\Users\CURSOS\AppData\Local\Temp\xcAs1to.o \
  dist/default/production\CLOCK_CALENDAR.X.production.o 

Object code version is 3.11

Machine type is 18F45K50



                Name                               Link     Load   Length Selector   Space Scale
C:\Users\CURSOS\AppData\Local\Temp\xcAs1to.o
                idloc                            200000   200000        8        0       5
                config                           300000   300000        E        0       4
                init                                 68       68        4        C       0
                reset_vec                             0        0        4        0       0
dist/default/production\CLOCK_CALENDAR.X.production.o
                intcodelo                            18       18       50        C       0
                intcode                               8        8        6        4       0
                idloc                            200000   200000        8        0       5
                config                           300000   300000        E        0       4
                temp                                 5C       5C        1        1       1
                mediumconst                        7C60     7C60      3A0     3E30       0
                text107                            4E88     4E88       10        C       0
                text106                            4EE4     4EE4        4        C       0
                text105                            4EB0     4EB0        C        C       0
                intcode_body                       4C9A     4C9A       28        C       0
                text103                            4ECE     4ECE        8        C       0
                text101                            4E74     4E74       14        C       0
                text100                            4E60     4E60       14        C       0
                text99                             4BC2     4BC2       30        C       0
                text98                             4804     4804       50        C       0
                text97                             3FF0     3FF0       78        C       0
                text96                             4E4C     4E4C       14        C       0
                text95                             4E0E     4E0E       16        C       0
                text94                             4DF8     4DF8       16        C       0
                text93                             4B8C     4B8C       36        C       0
                text92                             4A70     4A70       3C        C       0
                text91                             31E0     31E0      100        C       0
                text90                             3C7C     3C7C       A4        C       0
                text89                             43CC     43CC       66        C       0
                text88                             4552     4552       5E        C       0
                text87                             4D74     4D74       20        C       0
                text86                             4E38     4E38       14        C       0
                text85                             49B8     49B8       40        C       0
                text84                             4D54     4D54       20        C       0
                text83                             4A34     4A34       3C        C       0
                text82                             4DB2     4DB2       1A        C       0
                text81                             46BC     46BC       54        C       0
                text80                             11AE     11AE      314        C       0
                text79                             4D0E     4D0E       26        C       0
                text78                             4366     4366       66        C       0
                text77                             30B2     30B2      12E        C       0
                text76                             4CE8     4CE8       26        C       0
                text75                             4EBC     4EBC        A        C       0
                text74                             4EA4     4EA4        C        C       0
                text73                             4D94     4D94       1E        C       0
                text72                             4E24     4E24       14        C       0
                text71                             4EE0     4EE0        4        C       0
                text70                             40DC     40DC       72        C       0
                text69                             4DE2     4DE2       16        C       0
                text68                             3DBE     3DBE       94        C       0
                text67                             4B54     4B54       38        C       0
                text66                             3EE2     3EE2       88        C       0
                text65                             4EDC     4EDC        4        C       0
                text64                             4D34     4D34       20        C       0
                text63                             41BE     41BE       6E        C       0
                text62                             414E     414E       70        C       0
                text61                             2F80     2F80      132        C       0
                text60                             4CC2     4CC2       26        C       0
                text59                             4B1C     4B1C       38        C       0
                text58                             4762     4762       52        C       0
                text57                             25B6     25B6      190        C       0
                text56                             2746     2746      188        C       0
                text55                             2BB0     2BB0      164        C       0
                text54                             4978     4978       40        C       0
                text53                             4DCC     4DCC       16        C       0
                text52                             3762     3762       CA        C       0
                text51                             4934     4934       44        C       0
                text50                             4854     4854       4E        C       0
                text49                             382C     382C       C6        C       0
                text48                             14C2     14C2      2E4        C       0
                text47                             241A     241A      19C        C       0
                text46                             35B4     35B4       DE        C       0
                text45                             34C4     34C4       F0        C       0
                text44                             3692     3692       D0        C       0
                text43                             2034     2034      204        C       0
                text42                             49F8     49F8       3C        C       0
                text41                             4AE4     4AE4       38        C       0
                text40                             4AAC     4AAC       38        C       0
                text39                             44F4     44F4       5E        C       0
                text38                             1D5A     1D5A      2DA        C       0
                text37                               6C       6C      804        C       0
                text36                             4432     4432       62        C       0
                text35                             4C72     4C72       28        C       0
                text34                             4710     4710       52        C       0
                text33                              E60      E60      34E        C       0
                text32                             4068     4068       74        C       0
                text31                             3A70     3A70       B6        C       0
                text30                             45B0     45B0       5C        C       0
                text29                             2E4E     2E4E      132        C       0
                text28                             4EC6     4EC6        8        C       0
                text27                             4ED6     4ED6        6        C       0
                text26                             2238     2238      1E2        C       0
                text25                             33D2     33D2       F2        C       0
                text24                             4C4A     4C4A       28        C       0
                text23                             3BD6     3BD6       A6        C       0
                text22                             42FE     42FE       68        C       0
                text21                             460C     460C       5A        C       0
                text20                             4666     4666       56        C       0
                text19                             48A2     48A2       4A        C       0
                text18                             4C20     4C20       2A        C       0
                text17                             47B4     47B4       50        C       0
                text16                             38F2     38F2       C4        C       0
                text15                             3B26     3B26       B0        C       0
                text14                             1A80     1A80      2DA        C       0
                text13                             39B6     39B6       BA        C       0
                text12                             3D20     3D20       9E        C       0
                text11                             4BF2     4BF2       2E        C       0
                text10                             2D14     2D14      13A        C       0
                text9                              4494     4494       60        C       0
                text8                              3F6A     3F6A       86        C       0
                text7                              32E0     32E0       F2        C       0
                text6                              422C     422C       6A        C       0
                text5                               870      870      5F0        C       0
                text4                              48EC     48EC       48        C       0
                text3                              3E52     3E52       90        C       0
                text2                              17A6     17A6      2DA        C       0
                text1                              2A4A     2A4A      166        C       0
                text0                              28CE     28CE      17C        C       0
                cstackCOMRAM                          1        1       58        1       1
                cstackBANK0                          60       60       78       60       1
                cstackBANK1                         1CA      1CA        5      100       1
                bssBANK2                            200      200       D0      200       1
                dataBANK1                           1BE      1BE        C      100       1
                bssBANK1                            100      100       BE      100       1
                bssBANK0                             D8       D8       26       60       1
                dataCOMRAM                           5B       5B        1        1       1
                bssCOMRAM                            59       59        2        1       1
                cinit                              4296     4296       68        C       0
                idataBANK1                         4E98     4E98        C        C       0
                idataCOMRAM                        4EE8     4EE8        1        C       0

TOTAL           Name                               Link     Load   Length     Space
        CLASS   STACK          

        CLASS   CODE           
                intcodelo                            18       18       50         0
                intcode                               8        8        6         0
                init                                 68       68        4         0
                reset_vec                             0        0        4         0
                text107                            4E88     4E88       10         0
                text106                            4EE4     4EE4        4         0
                text105                            4EB0     4EB0        C         0
                intcode_body                       4C9A     4C9A       28         0
                text103                            4ECE     4ECE        8         0
                text101                            4E74     4E74       14         0
                text100                            4E60     4E60       14         0
                text99                             4BC2     4BC2       30         0
                text98                             4804     4804       50         0
                text97                             3FF0     3FF0       78         0
                text96                             4E4C     4E4C       14         0
                text95                             4E0E     4E0E       16         0
                text94                             4DF8     4DF8       16         0
                text93                             4B8C     4B8C       36         0
                text92                             4A70     4A70       3C         0
                text91                             31E0     31E0      100         0
                text90                             3C7C     3C7C       A4         0
                text89                             43CC     43CC       66         0
                text88                             4552     4552       5E         0
                text87                             4D74     4D74       20         0
                text86                             4E38     4E38       14         0
                text85                             49B8     49B8       40         0
                text84                             4D54     4D54       20         0
                text83                             4A34     4A34       3C         0
                text82                             4DB2     4DB2       1A         0
                text81                             46BC     46BC       54         0
                text80                             11AE     11AE      314         0
                text79                             4D0E     4D0E       26         0
                text78                             4366     4366       66         0
                text77                             30B2     30B2      12E         0
                text76                             4CE8     4CE8       26         0
                text75                             4EBC     4EBC        A         0
                text74                             4EA4     4EA4        C         0
                text73                             4D94     4D94       1E         0
                text72                             4E24     4E24       14         0
                text71                             4EE0     4EE0        4         0
                text70                             40DC     40DC       72         0
                text69                             4DE2     4DE2       16         0
                text68                             3DBE     3DBE       94         0
                text67                             4B54     4B54       38         0
                text66                             3EE2     3EE2       88         0
                text65                             4EDC     4EDC        4         0
                text64                             4D34     4D34       20         0
                text63                             41BE     41BE       6E         0
                text62                             414E     414E       70         0
                text61                             2F80     2F80      132         0
                text60                             4CC2     4CC2       26         0
                text59                             4B1C     4B1C       38         0
                text58                             4762     4762       52         0
                text57                             25B6     25B6      190         0
                text56                             2746     2746      188         0
                text55                             2BB0     2BB0      164         0
                text54                             4978     4978       40         0
                text53                             4DCC     4DCC       16         0
                text52                             3762     3762       CA         0
                text51                             4934     4934       44         0
                text50                             4854     4854       4E         0
                text49                             382C     382C       C6         0
                text48                             14C2     14C2      2E4         0
                text47                             241A     241A      19C         0
                text46                             35B4     35B4       DE         0
                text45                             34C4     34C4       F0         0
                text44                             3692     3692       D0         0
                text43                             2034     2034      204         0
                text42                             49F8     49F8       3C         0
                text41                             4AE4     4AE4       38         0
                text40                             4AAC     4AAC       38         0
                text39                             44F4     44F4       5E         0
                text38                             1D5A     1D5A      2DA         0
                text37                               6C       6C      804         0
                text36                             4432     4432       62         0
                text35                             4C72     4C72       28         0
                text34                             4710     4710       52         0
                text33                              E60      E60      34E         0
                text32                             4068     4068       74         0
                text31                             3A70     3A70       B6         0
                text30                             45B0     45B0       5C         0
                text29                             2E4E     2E4E      132         0
                text28                             4EC6     4EC6        8         0
                text27                             4ED6     4ED6        6         0
                text26                             2238     2238      1E2         0
                text25                             33D2     33D2       F2         0
                text24                             4C4A     4C4A       28         0
                text23                             3BD6     3BD6       A6         0
                text22                             42FE     42FE       68         0
                text21                             460C     460C       5A         0
                text20                             4666     4666       56         0
                text19                             48A2     48A2       4A         0
                text18                             4C20     4C20       2A         0
                text17                             47B4     47B4       50         0
                text16                             38F2     38F2       C4         0
                text15                             3B26     3B26       B0         0
                text14                             1A80     1A80      2DA         0
                text13                             39B6     39B6       BA         0
                text12                             3D20     3D20       9E         0
                text11                             4BF2     4BF2       2E         0
                text10                             2D14     2D14      13A         0
                text9                              4494     4494       60         0
                text8                              3F6A     3F6A       86         0
                text7                              32E0     32E0       F2         0
                text6                              422C     422C       6A         0
                text5                               870      870      5F0         0
                text4                              48EC     48EC       48         0
                text3                              3E52     3E52       90         0
                text2                              17A6     17A6      2DA         0
                text1                              2A4A     2A4A      166         0
                text0                              28CE     28CE      17C         0
                cinit                              4296     4296       68         0
                idataBANK1                         4E98     4E98        C         0
                idataCOMRAM                        4EE8     4EE8        1         0

        CLASS   CONST          

        CLASS   SMALLCONST     

        CLASS   MEDIUMCONST    
                mediumconst                        7C60     7C60      3A0         0

        CLASS   COMRAM         
                temp                                 5C       5C        1         1
                cstackCOMRAM                          1        1       58         1
                dataCOMRAM                           5B       5B        1         1
                bssCOMRAM                            59       59        2         1

        CLASS   ABS1           

        CLASS   BIGRAM         

        CLASS   RAM            

        CLASS   BANK0          
                cstackBANK0                          60       60       78         1
                bssBANK0                             D8       D8       26         1

        CLASS   BANK1          
                cstackBANK1                         1CA      1CA        5         1
                dataBANK1                           1BE      1BE        C         1
                bssBANK1                            100      100       BE         1

        CLASS   BANK2          
                bssBANK2                            200      200       D0         1

        CLASS   BANK3          

        CLASS   BANK4          

        CLASS   BANK5          

        CLASS   BANK6          

        CLASS   BANK7          

        CLASS   SFR            

        CLASS   CONFIG         
                config                           300000   300000        E         4

        CLASS   IDLOC          
                idloc                            200000   200000        8         5

        CLASS   EEDATA         

        CLASS   FARRAM         



SEGMENTS        Name                           Load    Length   Top    Selector   Space  Class

                reset_vec                      000000  000004  000004         0       0  CODE    
                cstackCOMRAM                   000001  00005C  00005D         1       1  COMRAM  
                intcode                        000008  000006  00000E         4       0  CODE    
                intcodelo                      000018  004ED1  004EE9         C       0  CODE    
                cstackBANK0                    000060  00009E  0000FE        60       1  BANK0   
                bssBANK1                       000100  0000CF  0001CF       100       1  BANK1   
                bssBANK2                       000200  0000D0  0002D0       200       1  BANK2   
                mediumconst                    007C60  0003A0  008000      3E30       0  MEDIUMCO


UNUSED ADDRESS RANGES

        Name                Unused          Largest block    Delta
        BANK0            0000FE-0000FF                2
        BANK1            0001CF-0001FF               31
        BANK2            0002D0-0002FF               30
        BANK3            000300-0003FF              100
        BANK4            000400-0004FF              100
        BANK5            000500-0005FF              100
        BANK6            000600-0006FF              100
        BANK7            000700-0007FF              100
        BIGRAM           00005D-00005F                3
                         0000FE-0000FF                2
                         0001CF-0001FF               31
                         0002D0-0007FF              530
        CODE             000004-000007                4
                         00000E-000017                A
                         004EE9-007C5F             2D77
        COMRAM           00005D-00005F                3
        CONST            000004-000007                4
                         00000E-000017                A
                         004EE9-007C5F             2D77
        EEDATA           F00000-F000FF              100
        MEDIUMCONST      004EE9-007C5F             2D77
        RAM              0000FE-0000FF                2
                         0001CF-0001FF               31
                         0002D0-0007FF              100
        SFR              000F53-000FFF                D
        SMALLCONST       004EE9-007C5F              100
        STACK            0002D0-0007FF              530

                                  Symbol Table

?_Millis_Get                                        cstackCOMRAM 000004
?___aodiv                                           cstackCOMRAM 000004
?___aomod                                           cstackCOMRAM 000004
?___awdiv                                           cstackCOMRAM 000004
?___awmod                                           cstackCOMRAM 000004
?___lldiv                                           cstackCOMRAM 000004
?___lodiv                                           cstackCOMRAM 000004
?___lomod                                           cstackCOMRAM 000004
?___lwdiv                                           cstackCOMRAM 00000A
?___wmul                                            cstackCOMRAM 000004
?_abs                                               cstackCOMRAM 000016
?_atoi                                              cstackCOMRAM 00000B
?_dtoa                                              cstackCOMRAM 000020
?_isalpha                                           cstackCOMRAM 000004
?_isdigit                                           cstackCOMRAM 000004
?_islower                                           cstackCOMRAM 000004
?_isspace                                           cstackCOMRAM 000004
?_isupper                                           cstackCOMRAM 000004
?_pad                                               cstackCOMRAM 000015
?_printf                                            cstackBANK0  00007D
?_sprintf                                           cstackBANK0  00007D
?_stoa                                              cstackCOMRAM 00000E
?_strlen                                            cstackCOMRAM 000004
?_strncmp                                           cstackCOMRAM 000004
?_toupper                                           cstackCOMRAM 00000A
?_utoa                                              cstackCOMRAM 000020
?_vfpfcnvrt                                         cstackCOMRAM 000047
?_vfprintf                                          cstackBANK0  000077
?_xtoa                                              cstackCOMRAM 000020
DS1307_Conf_Init@prtcDs1307Control                  cstackCOMRAM 00000F
DS1307_Read_TimeDate@i                              cstackCOMRAM 000011
DS1307_Read_TimeDate@prtcDs1307UserData             cstackCOMRAM 00000F
DS1307_Set_TimeDate@i                               cstackCOMRAM 000013
DS1307_Set_TimeDate@prtcDs1307UserData              cstackCOMRAM 000011
EEPROM_Sequential_Read@eepromRDSlaveADDR            cstackCOMRAM 000012
EEPROM_Sequential_Read@i                            cstackCOMRAM 000013
EEPROM_Sequential_Read@numDataBytes                 cstackCOMRAM 00000A
EEPROM_Sequential_Read@pdataByteList                cstackCOMRAM 00000C
EEPROM_Sequential_Read@regMapADDR                   cstackCOMRAM 000008
EEPROM_Write_Page@eepromSlaveADDR                   cstackCOMRAM 00000D
EEPROM_Write_Page@numPages                          cstackCOMRAM 000010
EEPROM_Write_Page@pString                           cstackCOMRAM 00000A
EEPROM_Write_Page@pstring                           cstackCOMRAM 00000E
EEPROM_Write_Page@regMapADDR                        cstackCOMRAM 000008
EUSART_SerialBegin@baudios                          cstackCOMRAM 000011
EUSART_SerialBegin@n                                cstackCOMRAM 000015
I2C_BeginMaster@bitRateHz                           cstackCOMRAM 000011
I2C_ReadMaster@sendACK                              cstackCOMRAM 000004
I2C_WriteMaster@ackStatus                           cstackCOMRAM 000005
I2C_WriteMaster@data                                cstackCOMRAM 000004
I2C_WriteWordMaster@data                            cstackCOMRAM 000006
LCD_I2C_Cmd@a                                       cstackCOMRAM 00000B
LCD_I2C_DataBus@a                                   cstackCOMRAM 000009
LCD_I2C_New_Char@a                                  cstackCOMRAM 000016
LCD_I2C_New_Char@b                                  cstackCOMRAM 00000C
LCD_I2C_New_Char@c                                  cstackCOMRAM 00000D
LCD_I2C_New_Char@d                                  cstackCOMRAM 00000E
LCD_I2C_New_Char@e                                  cstackCOMRAM 00000F
LCD_I2C_New_Char@f                                  cstackCOMRAM 000010
LCD_I2C_New_Char@g                                  cstackCOMRAM 000011
LCD_I2C_New_Char@h                                  cstackCOMRAM 000012
LCD_I2C_New_Char@i                                  cstackCOMRAM 000013
LCD_I2C_New_Char@m                                  cstackCOMRAM 000017
LCD_I2C_New_Char@n                                  cstackCOMRAM 000018
LCD_I2C_Print_Char@a                                cstackCOMRAM 00000E
LCD_I2C_Print_Char@m                                cstackCOMRAM 00000C
LCD_I2C_Print_Char@n                                cstackCOMRAM 00000D
LCD_I2C_Print_String@a                              cstackCOMRAM 00000F
LCD_I2C_Print_String@ptr                            cstackCOMRAM 000011
LCD_I2C_SetCursor@m                                 cstackCOMRAM 000010
LCD_I2C_SetCursor@n                                 cstackCOMRAM 000011
LCD_I2C_SetCursor@x                                 cstackCOMRAM 000012
LCD_I2C_SetCursor@y                                 cstackCOMRAM 00000C
LCD_I2C_Write_New_Char@a                            cstackCOMRAM 00000C
Millis_Get@m                                        cstackCOMRAM 000008
Millis_Init@highPriority                            cstackCOMRAM 000005
TMR1_Initialize@highPriority                        cstackCOMRAM 000004
_ANSELB                                             (abs)        000F5C
_ANSELBbits                                         (abs)        000F5C
_ANSELCbits                                         (abs)        000F5D
_ANSELD                                             (abs)        000F5E
_BAUDCON1                                           (abs)        000FB8
_DS1307_ClearsISR_Flag                              text28       004EC6
_DS1307_Conf_Init                                   text97       003FF0
_DS1307_GetISR_FlagStatus                           text27       004ED6
_DS1307_ISR                                         text103      004ECE
_DS1307_Read_TimeDate                               text25       0033D2
_DS1307_Set_TimeDate                                text13       0039B6
_EEPROM_Sequential_Read                             text91       0031E0
_EEPROM_Write_Page                                  text12       003D20
_EUSART_SerialBegin                                 text89       0043CC
_I2C_BeginMaster                                    text88       004552
_I2C_ReStartMaster                                  text96       004E4C
_I2C_ReadMaster                                     text93       004B8C
_I2C_SendACK_FromMaster                             text95       004E0E
_I2C_SendNotACK_FromMaster                          text94       004DF8
_I2C_StartMaster                                    text101      004E74
_I2C_StopMaster                                     text100      004E60
_I2C_WriteMaster                                    text99       004BC2
_I2C_WriteWordMaster                                text92       004A70
_INTCON2bits                                        (abs)        000FF1
_INTCON3bits                                        (abs)        000FF0
_INTCONbits                                         (abs)        000FF2
_INTERRUUPT_Init                                    text86       004E38
_IPR1bits                                           (abs)        000F9F
_ISR_High_Priority                                  intcode      000008
_ISR_Low_Priority                                   intcodelo    000018
_LATCbits                                           (abs)        000F8B
_LATD                                               (abs)        000F8C
_LATDbits                                           (abs)        000F8C
_LCD_All_Alarms_Update_OK                           text11       004BF2
_LCD_I2C_Clear                                      text82       004DB2
_LCD_I2C_Cmd                                        text83       004A34
_LCD_I2C_DataBus                                    text84       004D54
_LCD_I2C_Init                                       text81       0046BC
_LCD_I2C_New_Char                                   text80       0011AE
_LCD_I2C_Print_Char                                 text79       004D0E
_LCD_I2C_Print_String                               text78       004366
_LCD_I2C_SetCursor                                  text77       0030B2
_LCD_I2C_Write_New_Char                             text24       004C4A
_LCD_Temperature_Alarm_Update                       text22       0042FE
_LCD_Temperature_Offset_Alarm_Update                text21       00460C
_LCD_Time_Alarm_Update                              text20       004666
_LCD_Time_Cadence_Alarm_Update                      text19       0048A2
_LCD_Update                                         text23       003BD6
_MillisISR                                          text107      004E88
_Millis_Get                                         text18       004C20
_Millis_Init                                        text75       004EBC
_OSCCON2bits                                        (abs)        000FD2
_OSCCONbits                                         (abs)        000FD3
_OSCILATOR_Init                                     text74       004EA4
_PIE1bits                                           (abs)        000F9D
_PIE3bits                                           (abs)        000FA3
_PIR1bits                                           (abs)        000F9E
_PIR3bits                                           (abs)        000FA4
_PORTDbits                                          (abs)        000F83
_PORT_Init                                          text73       004D94
_RCONbits                                           (abs)        000FD0
_RCREG1                                             (abs)        000FAE
_RCSTA1                                             (abs)        000FAB
_RCSTA1bits                                         (abs)        000FAB
_SPBRG1                                             (abs)        000FAF
_SPBRGH1                                            (abs)        000FB0
_SSP1ADD                                            (abs)        000FC8
_SSP1BUF                                            (abs)        000FC9
_SSP1CON1bits                                       (abs)        000FC6
_SSP1CON2                                           (abs)        000FC5
_SSP1CON2bits                                       (abs)        000FC5
_SSP1STATbits                                       (abs)        000FC7
_Str_Real_temperature                               bssBANK1     00018B
_T1CONbits                                          (abs)        000FCD
_T1GCONbits                                         (abs)        000FCC
_T2CONbits                                          (abs)        000FBA
_TMR1H                                              (abs)        000FCF
_TMR1L                                              (abs)        000FCE
_TMR1_Clear_Flag_Ovf                                text106      004EE4
_TMR1_Enable_Interrupt                              text87       004D74
_TMR1_ISR                                           text105      004EB0
_TMR1_Initialize                                    text76       004CE8
_TMR2                                               (abs)        000FBC
_TRISBbits                                          (abs)        000F93
_TRISCbits                                          (abs)        000F94
_TRISD                                              (abs)        000F95
_TRISDbits                                          (abs)        000F95
_TXREG1                                             (abs)        000FAD
_TXSTA1                                             (abs)        000FAC
_TXSTA1bits                                         (abs)        000FAC
_Task1                                              text9        004494
_Task2                                              text8        003F6A
_Task3                                              text7        0032E0
_Task4                                              text6        00422C
_Task5                                              text5        000870
_Task6                                              text4        0048EC
_Task7                                              text3        003E52
_Task8                                              text10       002D14
_Task8$2419                                         cstackBANK0  000095
_Task8$2420                                         cstackBANK0  000097
_Task8$2421                                         cstackBANK0  000099
_Timer2_Initialize                                  text72       004E24
_Timer2_Turn_Off                                    text65       004EDC
_Timer2_Turn_On                                     text71       004EE0
__HRAM                                              (abs)        000000
__Habs1                                             abs1         000000
__Hbank0                                            bank0        000000
__Hbank1                                            bank1        000000
__Hbank2                                            bank2        000000
__Hbank3                                            bank3        000000
__Hbank4                                            bank4        000000
__Hbank5                                            bank5        000000
__Hbank6                                            bank6        000000
__Hbank7                                            bank7        000000
__Hbigbss                                           bigbss       000000
__Hbigdata                                          bigdata      000000
__Hbigram                                           bigram       000000
__Hbss                                              bss          000000
__HbssBANK0                                         bssBANK0     000000
__HbssBANK1                                         bssBANK1     000000
__HbssBANK2                                         bssBANK2     000000
__HbssCOMRAM                                        bssCOMRAM    000000
__Hcinit                                            cinit        000000
__Hclrtext                                          clrtext      000000
__Hcomram                                           comram       000000
__Hconfig                                           config       30000E
__Hconst                                            const        000000
__HcstackBANK0                                      cstackBANK0  000000
__HcstackBANK1                                      cstackBANK1  000000
__HcstackCOMRAM                                     cstackCOMRAM 000000
__Hdata                                             data         000000
__HdataBANK1                                        dataBANK1    000000
__HdataCOMRAM                                       dataCOMRAM   000000
__Heeprom_data                                      eeprom_data  000000
__Hfarbss                                           farbss       000000
__Hfardata                                          fardata      000000
__Hibigdata                                         ibigdata     000000
__Hidata                                            idata        000000
__HidataBANK1                                       idataBANK1   000000
__HidataCOMRAM                                      idataCOMRAM  000000
__Hidloc                                            idloc        200008
__Hifardata                                         ifardata     000000
__Hinit                                             init         00006C
__Hintcode                                          intcode      00000E
__Hintcode_body                                     intcode_body 000000
__Hintcodelo                                        intcodelo    000068
__Hintentry                                         intentry     000000
__Hintret                                           intret       000000
__Hintsave_regs                                     intsave_regs 000000
__Hirdata                                           irdata       000000
__Hmediumconst                                      mediumconst  008000
__HnvFARRAM                                         nvFARRAM     000000
__Hnvbit                                            nvbit        000000
__Hnvrram                                           nvrram       000000
__Hparam                                            rparam       000000
__Hpowerup                                          powerup      000068
__Hram                                              ram          000000
__Hramtop                                           ramtop       000800
__Hrbit                                             rbit         000000
__Hrbss                                             rbss         000000
__Hrdata                                            rdata        000000
__Hreset_vec                                        reset_vec    000004
__Hrparam                                           rparam       000000
__Hsfr                                              sfr          000000
__Hsmallconst                                       smallconst   000000
__Hspace_0                                          (abs)        008000
__Hspace_1                                          (abs)        0002D0
__Hspace_2                                          (abs)        000000
__Hspace_4                                          (abs)        60000E
__Hstack                                            stack        000000
__Hstruct                                           struct       000000
__Htemp                                             temp         00005D
__Htext                                             text         000000
__Htext0                                            text0        000000
__Htext1                                            text1        000000
__Htext10                                           text10       000000
__Htext100                                          text100      000000
__Htext101                                          text101      000000
__Htext103                                          text103      000000
__Htext105                                          text105      000000
__Htext106                                          text106      000000
__Htext107                                          text107      000000
__Htext108                                          text108      000000
__Htext11                                           text11       000000
__Htext12                                           text12       000000
__Htext13                                           text13       000000
__Htext14                                           text14       000000
__Htext15                                           text15       000000
__Htext16                                           text16       000000
__Htext17                                           text17       000000
__Htext18                                           text18       000000
__Htext19                                           text19       000000
__Htext2                                            text2        000000
__Htext20                                           text20       000000
__Htext21                                           text21       000000
__Htext22                                           text22       000000
__Htext23                                           text23       000000
__Htext24                                           text24       000000
__Htext25                                           text25       000000
__Htext26                                           text26       000000
__Htext27                                           text27       000000
__Htext28                                           text28       000000
__Htext29                                           text29       000000
__Htext3                                            text3        000000
__Htext30                                           text30       000000
__Htext31                                           text31       000000
__Htext32                                           text32       000000
__Htext33                                           text33       000000
__Htext34                                           text34       000000
__Htext35                                           text35       000000
__Htext36                                           text36       000000
__Htext37                                           text37       000000
__Htext38                                           text38       000000
__Htext39                                           text39       000000
__Htext4                                            text4        000000
__Htext40                                           text40       000000
__Htext41                                           text41       000000
__Htext42                                           text42       000000
__Htext43                                           text43       000000
__Htext44                                           text44       000000
__Htext45                                           text45       000000
__Htext46                                           text46       000000
__Htext47                                           text47       000000
__Htext48                                           text48       000000
__Htext49                                           text49       000000
__Htext5                                            text5        000000
__Htext50                                           text50       000000
__Htext51                                           text51       000000
__Htext52                                           text52       000000
__Htext53                                           text53       000000
__Htext54                                           text54       000000
__Htext55                                           text55       000000
__Htext56                                           text56       000000
__Htext57                                           text57       000000
__Htext58                                           text58       000000
__Htext59                                           text59       000000
__Htext6                                            text6        000000
__Htext60                                           text60       000000
__Htext61                                           text61       000000
__Htext62                                           text62       000000
__Htext63                                           text63       000000
__Htext64                                           text64       000000
__Htext65                                           text65       000000
__Htext66                                           text66       000000
__Htext67                                           text67       000000
__Htext68                                           text68       000000
__Htext69                                           text69       000000
__Htext7                                            text7        000000
__Htext70                                           text70       000000
__Htext71                                           text71       000000
__Htext72                                           text72       000000
__Htext73                                           text73       000000
__Htext74                                           text74       000000
__Htext75                                           text75       000000
__Htext76                                           text76       000000
__Htext77                                           text77       000000
__Htext78                                           text78       000000
__Htext79                                           text79       000000
__Htext8                                            text8        000000
__Htext80                                           text80       000000
__Htext81                                           text81       000000
__Htext82                                           text82       000000
__Htext83                                           text83       000000
__Htext84                                           text84       000000
__Htext85                                           text85       000000
__Htext86                                           text86       000000
__Htext87                                           text87       000000
__Htext88                                           text88       000000
__Htext89                                           text89       000000
__Htext9                                            text9        000000
__Htext90                                           text90       000000
__Htext91                                           text91       000000
__Htext92                                           text92       000000
__Htext93                                           text93       000000
__Htext94                                           text94       000000
__Htext95                                           text95       000000
__Htext96                                           text96       000000
__Htext97                                           text97       000000
__Htext98                                           text98       000000
__Htext99                                           text99       000000
__LRAM                                              (abs)        000001
__Labs1                                             abs1         000000
__Lbank0                                            bank0        000000
__Lbank1                                            bank1        000000
__Lbank2                                            bank2        000000
__Lbank3                                            bank3        000000
__Lbank4                                            bank4        000000
__Lbank5                                            bank5        000000
__Lbank6                                            bank6        000000
__Lbank7                                            bank7        000000
__Lbigbss                                           bigbss       000000
__Lbigdata                                          bigdata      000000
__Lbigram                                           bigram       000000
__Lbss                                              bss          000000
__LbssBANK0                                         bssBANK0     000000
__LbssBANK1                                         bssBANK1     000000
__LbssBANK2                                         bssBANK2     000000
__LbssCOMRAM                                        bssCOMRAM    000000
__Lcinit                                            cinit        000000
__Lclrtext                                          clrtext      000000
__Lcomram                                           comram       000000
__Lconfig                                           config       000000
__Lconst                                            const        000000
__LcstackBANK0                                      cstackBANK0  000000
__LcstackBANK1                                      cstackBANK1  000000
__LcstackCOMRAM                                     cstackCOMRAM 000000
__Ldata                                             data         000000
__LdataBANK1                                        dataBANK1    000000
__LdataCOMRAM                                       dataCOMRAM   000000
__Leeprom_data                                      eeprom_data  000000
__Lfarbss                                           farbss       000000
__Lfardata                                          fardata      000000
__Libigdata                                         ibigdata     000000
__Lidata                                            idata        000000
__LidataBANK1                                       idataBANK1   000000
__LidataCOMRAM                                      idataCOMRAM  000000
__Lidloc                                            idloc        000000
__Lifardata                                         ifardata     000000
__Linit                                             init         000068
__Lintcode                                          intcode      000008
__Lintcode_body                                     intcode_body 000000
__Lintcodelo                                        intcodelo    000018
__Lintentry                                         intentry     000000
__Lintret                                           intret       000000
__Lintsave_regs                                     intsave_regs 000000
__Lirdata                                           irdata       000000
__Lmediumconst                                      mediumconst  007C60
__LnvFARRAM                                         nvFARRAM     000000
__Lnvbit                                            nvbit        000000
__Lnvrram                                           nvrram       000000
__Lparam                                            rparam       000000
__Lpowerup                                          powerup      000068
__Lram                                              ram          000000
__Lramtop                                           ramtop       000800
__Lrbit                                             rbit         000000
__Lrbss                                             rbss         000000
__Lrdata                                            rdata        000000
__Lreset_vec                                        reset_vec    000000
__Lrparam                                           rparam       000000
__Lsfr                                              sfr          000000
__Lsmallconst                                       smallconst   000000
__Lspace_0                                          (abs)        000000
__Lspace_1                                          (abs)        000000
__Lspace_2                                          (abs)        000000
__Lspace_4                                          (abs)        000000
__Lstack                                            stack        000000
__Lstruct                                           struct       000000
__Ltemp                                             temp         00005C
__Ltext                                             text         000000
__Ltext0                                            text0        000000
__Ltext1                                            text1        000000
__Ltext10                                           text10       000000
__Ltext100                                          text100      000000
__Ltext101                                          text101      000000
__Ltext103                                          text103      000000
__Ltext105                                          text105      000000
__Ltext106                                          text106      000000
__Ltext107                                          text107      000000
__Ltext108                                          text108      000000
__Ltext11                                           text11       000000
__Ltext12                                           text12       000000
__Ltext13                                           text13       000000
__Ltext14                                           text14       000000
__Ltext15                                           text15       000000
__Ltext16                                           text16       000000
__Ltext17                                           text17       000000
__Ltext18                                           text18       000000
__Ltext19                                           text19       000000
__Ltext2                                            text2        000000
__Ltext20                                           text20       000000
__Ltext21                                           text21       000000
__Ltext22                                           text22       000000
__Ltext23                                           text23       000000
__Ltext24                                           text24       000000
__Ltext25                                           text25       000000
__Ltext26                                           text26       000000
__Ltext27                                           text27       000000
__Ltext28                                           text28       000000
__Ltext29                                           text29       000000
__Ltext3                                            text3        000000
__Ltext30                                           text30       000000
__Ltext31                                           text31       000000
__Ltext32                                           text32       000000
__Ltext33                                           text33       000000
__Ltext34                                           text34       000000
__Ltext35                                           text35       000000
__Ltext36                                           text36       000000
__Ltext37                                           text37       000000
__Ltext38                                           text38       000000
__Ltext39                                           text39       000000
__Ltext4                                            text4        000000
__Ltext40                                           text40       000000
__Ltext41                                           text41       000000
__Ltext42                                           text42       000000
__Ltext43                                           text43       000000
__Ltext44                                           text44       000000
__Ltext45                                           text45       000000
__Ltext46                                           text46       000000
__Ltext47                                           text47       000000
__Ltext48                                           text48       000000
__Ltext49                                           text49       000000
__Ltext5                                            text5        000000
__Ltext50                                           text50       000000
__Ltext51                                           text51       000000
__Ltext52                                           text52       000000
__Ltext53                                           text53       000000
__Ltext54                                           text54       000000
__Ltext55                                           text55       000000
__Ltext56                                           text56       000000
__Ltext57                                           text57       000000
__Ltext58                                           text58       000000
__Ltext59                                           text59       000000
__Ltext6                                            text6        000000
__Ltext60                                           text60       000000
__Ltext61                                           text61       000000
__Ltext62                                           text62       000000
__Ltext63                                           text63       000000
__Ltext64                                           text64       000000
__Ltext65                                           text65       000000
__Ltext66                                           text66       000000
__Ltext67                                           text67       000000
__Ltext68                                           text68       000000
__Ltext69                                           text69       000000
__Ltext7                                            text7        000000
__Ltext70                                           text70       000000
__Ltext71                                           text71       000000
__Ltext72                                           text72       000000
__Ltext73                                           text73       000000
__Ltext74                                           text74       000000
__Ltext75                                           text75       000000
__Ltext76                                           text76       000000
__Ltext77                                           text77       000000
__Ltext78                                           text78       000000
__Ltext79                                           text79       000000
__Ltext8                                            text8        000000
__Ltext80                                           text80       000000
__Ltext81                                           text81       000000
__Ltext82                                           text82       000000
__Ltext83                                           text83       000000
__Ltext84                                           text84       000000
__Ltext85                                           text85       000000
__Ltext86                                           text86       000000
__Ltext87                                           text87       000000
__Ltext88                                           text88       000000
__Ltext89                                           text89       000000
__Ltext9                                            text9        000000
__Ltext90                                           text90       000000
__Ltext91                                           text91       000000
__Ltext92                                           text92       000000
__Ltext93                                           text93       000000
__Ltext94                                           text94       000000
__Ltext95                                           text95       000000
__Ltext96                                           text96       000000
__Ltext97                                           text97       000000
__Ltext98                                           text98       000000
__Ltext99                                           text99       000000
__S0                                                (abs)        008000
__S1                                                (abs)        0002D0
__S2                                                (abs)        000000
__S4                                                (abs)        000000
__S5                                                (abs)        000000
___DS1307_Build_To_TimeDate                         text14       001A80
___DS1307_Build_To_TimeDate@prtcDs1307TimeData      cstackCOMRAM 00000C
___DS1307_Build_To_TimeDate@prtcDs1307UserData      cstackCOMRAM 00000E
___DS1307_Retreive_From_TimeDate                    text26       002238
___DS1307_Retreive_From_TimeDate@prtcDs1307TimeData cstackCOMRAM 000006
___DS1307_Retreive_From_TimeDate@prtcDs1307UserData cstackCOMRAM 000004
___aodiv                                            text56       002746
___aodiv@counter                                    cstackCOMRAM 000014
___aodiv@dividend                                   cstackCOMRAM 000004
___aodiv@divisor                                    cstackCOMRAM 00000C
___aodiv@quotient                                   cstackCOMRAM 000016
___aodiv@sign                                       cstackCOMRAM 000015
___aomod                                            text55       002BB0
___aomod@counter                                    cstackCOMRAM 000014
___aomod@dividend                                   cstackCOMRAM 000004
___aomod@divisor                                    cstackCOMRAM 00000C
___aomod@sign                                       cstackCOMRAM 000015
___awdiv                                            text16       0038F2
___awdiv@counter                                    cstackCOMRAM 000008
___awdiv@dividend                                   cstackCOMRAM 000004
___awdiv@divisor                                    cstackCOMRAM 000006
___awdiv@quotient                                   cstackCOMRAM 00000A
___awdiv@sign                                       cstackCOMRAM 000009
___awmod                                            text15       003B26
___awmod@counter                                    cstackCOMRAM 000008
___awmod@dividend                                   cstackCOMRAM 000004
___awmod@divisor                                    cstackCOMRAM 000006
___awmod@sign                                       cstackCOMRAM 000009
___ds18b20_Check_Response                           text70       0040DC
___ds18b20_Read_Byte                                text62       00414E
___ds18b20_Read_Byte@i                              cstackCOMRAM 000008
___ds18b20_Read_Byte@value                          cstackCOMRAM 000007
___ds18b20_Read_bit                                 text63       0041BE
___ds18b20_Read_bit@bitValue                        cstackCOMRAM 000004
___ds18b20_Start_Reset_Signal                       text69       004DE2
___ds18b20_Write_bit                                text68       003DBE
___ds18b20_Write_bit@value                          cstackCOMRAM 000006
___ds18b20_Write_byte                               text67       004B54
___ds18b20_Write_byte@i                             cstackCOMRAM 00000A
___ds18b20_Write_byte@value                         cstackCOMRAM 000009
___inthi_sp                                         stack        000000
___intlo_sp                                         stack        000000
___lldiv                                            text90       003C7C
___lldiv@counter                                    cstackCOMRAM 000010
___lldiv@dividend                                   cstackCOMRAM 000004
___lldiv@divisor                                    cstackCOMRAM 000008
___lldiv@quotient                                   cstackCOMRAM 00000C
___lodiv                                            text45       0034C4
___lodiv@counter                                    cstackCOMRAM 00001C
___lodiv@dividend                                   cstackCOMRAM 000004
___lodiv@divisor                                    cstackCOMRAM 00000C
___lodiv@quotient                                   cstackCOMRAM 000014
___lomod                                            text44       003692
___lomod@counter                                    cstackCOMRAM 000014
___lomod@dividend                                   cstackCOMRAM 000004
___lomod@divisor                                    cstackCOMRAM 00000C
___lwdiv                                            text32       004068
___lwdiv@counter                                    cstackCOMRAM 000010
___lwdiv@dividend                                   cstackCOMRAM 00000A
___lwdiv@divisor                                    cstackCOMRAM 00000C
___lwdiv@quotient                                   cstackCOMRAM 00000E
___param_bank                                       (abs)        000000
___rparam_used                                      (abs)        000001
___sp                                               stack        000000
___wmul                                             text60       004CC2
___wmul@multiplicand                                cstackCOMRAM 000006
___wmul@multiplier                                  cstackCOMRAM 000004
___wmul@product                                     cstackCOMRAM 000008
__accesstop                                         (abs)        000060
__activetblptr                                      (abs)        000002
__end_of_DS1307_ClearsISR_Flag                      text28       004ECE
__end_of_DS1307_Conf_Init                           text97       004068
__end_of_DS1307_GetISR_FlagStatus                   text27       004EDC
__end_of_DS1307_ISR                                 text103      004ED6
__end_of_DS1307_Read_TimeDate                       text25       0034C4
__end_of_DS1307_Set_TimeDate                        text13       003A70
__end_of_EEPROM_Sequential_Read                     text91       0032E0
__end_of_EEPROM_Write_Page                          text12       003DBE
__end_of_EUSART_SerialBegin                         text89       004432
__end_of_I2C_BeginMaster                            text88       0045B0
__end_of_I2C_ReStartMaster                          text96       004E60
__end_of_I2C_ReadMaster                             text93       004BC2
__end_of_I2C_SendACK_FromMaster                     text95       004E24
__end_of_I2C_SendNotACK_FromMaster                  text94       004E0E
__end_of_I2C_StartMaster                            text101      004E88
__end_of_I2C_StopMaster                             text100      004E74
__end_of_I2C_WriteMaster                            text99       004BF2
__end_of_I2C_WriteWordMaster                        text92       004AAC
__end_of_INTERRUUPT_Init                            text86       004E4C
__end_of_ISR_High_Priority                          intcode_body 004CC2
__end_of_ISR_Low_Priority                           intcodelo    000068
__end_of_LCD_All_Alarms_Update_OK                   text11       004C20
__end_of_LCD_I2C_Clear                              text82       004DCC
__end_of_LCD_I2C_Cmd                                text83       004A70
__end_of_LCD_I2C_DataBus                            text84       004D74
__end_of_LCD_I2C_Init                               text81       004710
__end_of_LCD_I2C_New_Char                           text80       0014C2
__end_of_LCD_I2C_Print_Char                         text79       004D34
__end_of_LCD_I2C_Print_String                       text78       0043CC
__end_of_LCD_I2C_SetCursor                          text77       0031E0
__end_of_LCD_I2C_Write_New_Char                     text24       004C72
__end_of_LCD_Temperature_Alarm_Update               text22       004366
__end_of_LCD_Temperature_Offset_Alarm_Update        text21       004666
__end_of_LCD_Time_Alarm_Update                      text20       0046BC
__end_of_LCD_Time_Cadence_Alarm_Update              text19       0048EC
__end_of_LCD_Update                                 text23       003C7C
__end_of_MillisISR                                  text107      004E98
__end_of_Millis_Get                                 text18       004C4A
__end_of_Millis_Init                                text75       004EC6
__end_of_OSCILATOR_Init                             text74       004EB0
__end_of_PORT_Init                                  text73       004DB2
__end_of_TMR1_Clear_Flag_Ovf                        text106      004EE8
__end_of_TMR1_Enable_Interrupt                      text87       004D94
__end_of_TMR1_ISR                                   text105      004EBC
__end_of_TMR1_Initialize                            text76       004D0E
__end_of_Task1                                      text9        0044F4
__end_of_Task2                                      text8        003FF0
__end_of_Task3                                      text7        0033D2
__end_of_Task4                                      text6        004296
__end_of_Task5                                      text5        000E60
__end_of_Task6                                      text4        004934
__end_of_Task7                                      text3        003EE2
__end_of_Task8                                      text10       002E4E
__end_of_Timer2_Initialize                          text72       004E38
__end_of_Timer2_Turn_Off                            text65       004EE0
__end_of_Timer2_Turn_On                             text71       004EE4
__end_of___DS1307_Build_To_TimeDate                 text14       001D5A
__end_of___DS1307_Retreive_From_TimeDate            text26       00241A
__end_of___aodiv                                    text56       0028CE
__end_of___aomod                                    text55       002D14
__end_of___awdiv                                    text16       0039B6
__end_of___awmod                                    text15       003BD6
__end_of___ds18b20_Check_Response                   text70       00414E
__end_of___ds18b20_Read_Byte                        text62       0041BE
__end_of___ds18b20_Read_bit                         text63       00422C
__end_of___ds18b20_Start_Reset_Signal               text69       004DF8
__end_of___ds18b20_Write_bit                        text68       003E52
__end_of___ds18b20_Write_byte                       text67       004B8C
__end_of___lldiv                                    text90       003D20
__end_of___lodiv                                    text45       0035B4
__end_of___lomod                                    text44       003762
__end_of___lwdiv                                    text32       0040DC
__end_of___wmul                                     text60       004CE8
__end_of__initialization                            cinit        0042F0
__end_of_abs                                        text54       0049B8
__end_of_atoi                                       text57       002746
__end_of_ds18b20_Configure                          text66       003F6A
__end_of_ds18b20_Init                               text64       004D54
__end_of_ds18b20_Read_ROM                           text61       0030B2
__end_of_ds18b20_Read_Raw_Temperature               text31       003B26
__end_of_ds18b20_Read_Real_Temperature              text29       002F80
__end_of_dtoa                                       text48       0017A6
__end_of_fputc                                      text52       00382C
__end_of_fputs                                      text51       004978
__end_of_isalpha                                    text42       004A34
__end_of_isdigit                                    text59       004B54
__end_of_islower                                    text40       004AE4
__end_of_isspace                                    text58       0047B4
__end_of_isupper                                    text41       004B1C
__end_of_main                                       text0        002A4A
__end_of_memcpy                                     text98       004854
__end_of_pad                                        text49       0038F2
__end_of_pcf8574_SendData                           text85       0049F8
__end_of_printf                                     text35       004C9A
__end_of_putch                                      text53       004DE2
__end_of_sprintf                                    text34       004762
__end_of_stoa                                       text47       0025B6
__end_of_strcpy                                     text30       00460C
__end_of_strlen                                     text50       0048A2
__end_of_strncmp                                    text46       003692
__end_of_tempDegSymbol                              mediumconst  007C69
__end_of_toupper                                    text39       004552
__end_of_utoa                                       text43       002238
__end_of_vHardwareInit                              text33       0011AE
__end_of_vTaskDelay                                 text17       004804
[...]
atoi@s                                              cstackCOMRAM 00000B
btemp                                               temp         00005C
ds18b20_Configure@pds18b20Config                    cstackCOMRAM 00000B
ds18b20_Read_ROM@i                                  cstackCOMRAM 00001F
ds18b20_Read_ROM@promCode                           cstackCOMRAM 00000B
ds18b20_Read_ROM@romCode                            cstackCOMRAM 000017
ds18b20_Read_Raw_Temperature@rawTempValue           cstackCOMRAM 00000B
ds18b20_Read_Real_Temperature@integerTemp           cstackBANK0  000093
ds18b20_Read_Real_Temperature@realTempStr           cstackBANK0  000091
ds18b20_Read_Real_Temperature@signBit               cstackBANK0  0000A7
ds18b20_Read_Real_Temperature@signTempStr           cstackBANK0  000098
dtoa@d                                              cstackCOMRAM 000022
dtoa@fp                                             cstackCOMRAM 000020
dtoa@i                                              cstackCOMRAM 000042
dtoa@n                                              cstackCOMRAM 00003A
dtoa@p                                              cstackCOMRAM 000034
dtoa@s                                              cstackCOMRAM 000038
dtoa@w                                              cstackCOMRAM 000036
end_of_initialization                               cinit        0042F0
fputc@c                                             cstackCOMRAM 000005
fputc@fp                                            cstackCOMRAM 000007
fputs@c                                             cstackCOMRAM 000012
fputs@fp                                            cstackCOMRAM 000010
fputs@i                                             cstackCOMRAM 000013
fputs@s                                             cstackCOMRAM 00000E
int$flags                                           temp         00005C
int_func                                            intcode_body 004C9A
intlevel0                                           text         000000
intlevel1                                           text         000000
intlevel2                                           text         000000
intlevel3                                           text         000000
isa$std                                             (abs)        000001
isa$xinst                                           (abs)        000000
isalpha@c                                           cstackCOMRAM 000004
isdigit@c                                           cstackCOMRAM 000004
islower@c                                           cstackCOMRAM 000004
isspace@c                                           cstackCOMRAM 000004
isupper@c                                           cstackCOMRAM 000004
memcpy@d                                            cstackCOMRAM 00000A
memcpy@d1                                           cstackCOMRAM 000004
memcpy@n                                            cstackCOMRAM 000008
memcpy@s                                            cstackCOMRAM 00000C
memcpy@s1                                           cstackCOMRAM 000006
memcpy@tmp                                          cstackCOMRAM 00000E
pad@buf                                             cstackCOMRAM 000017
pad@fp                                              cstackCOMRAM 000015
pad@i                                               cstackCOMRAM 00001C
pad@p                                               cstackCOMRAM 000019
pad@w                                               cstackCOMRAM 00001E
pcf8574_SendData@dataByte                           cstackCOMRAM 000006
pcf8574_SendData@i2cSlaveAddr                       cstackCOMRAM 000007
printf@ap                                           cstackBANK0  000093
printf@fmt                                          cstackBANK0  00007D
putch@c                                             cstackCOMRAM 000004
sprintf@ap                                          cstackBANK0  000089
sprintf@f                                           cstackBANK0  00008B
sprintf@fmt                                         cstackBANK0  00007F
sprintf@s                                           cstackBANK0  00007D
stackhi                                             (abs)        0007FF
stacklo                                             (abs)        0002D0
start                                               init         000068
start_initialization                                cinit        004296
stoa@F1141                                          dataBANK1    0001BE
stoa@cp                                             cstackCOMRAM 00001E
stoa@fp                                             cstackCOMRAM 00000E
stoa@i                                              cstackCOMRAM 00001A
stoa@l                                              cstackCOMRAM 000022
stoa@nuls                                           cstackCOMRAM 000013
stoa@p                                              cstackCOMRAM 000020
stoa@s                                              cstackCOMRAM 000010
stoa@w                                              cstackCOMRAM 00001C
strcpy@d                                            cstackCOMRAM 00000C
strcpy@dest                                         cstackCOMRAM 000004
strcpy@s                                            cstackCOMRAM 00000A
strcpy@src                                          cstackCOMRAM 000006
strlen@a                                            cstackCOMRAM 000006
strlen@s                                            cstackCOMRAM 000004
strncmp@_l                                          cstackCOMRAM 000004
strncmp@_r                                          cstackCOMRAM 000006
strncmp@l                                           cstackCOMRAM 00000B
strncmp@n                                           cstackCOMRAM 000008
strncmp@r                                           cstackCOMRAM 00000D
toupper@c                                           cstackCOMRAM 00000A
ttemp5                                              temp         00005D
ttemp6                                              temp         000060
ttemp7                                              temp         000064
utoa@d                                              cstackCOMRAM 000022
utoa@fp                                             cstackCOMRAM 000020
utoa@i                                              cstackCOMRAM 00003E
utoa@n                                              cstackCOMRAM 000036
utoa@p                                              cstackCOMRAM 000032
utoa@w                                              cstackCOMRAM 000034
vTaskDelay@start                                    cstackCOMRAM 000014
vTaskDelay@taskDelayMs                              cstackCOMRAM 00000C
vTaskStartScheduler@i                               cstackBANK0  0000D6
vTaskStartScheduler@j                               cstackBANK0  0000D4
vTaskStartScheduler@k                               cstackBANK0  0000D2
vTaskStartScheduler@length                          cstackBANK0  0000D0
vTaskStartScheduler@pvTask                          cstackBANK0  0000CE
vTaskStartScheduler@temp                            cstackBANK0  0000B4
vfpfcnvrt@ap                                        cstackCOMRAM 00004B
vfpfcnvrt@c                                         cstackBANK0  00006E
vfpfcnvrt@cp                                        cstackBANK0  000060
vfpfcnvrt@done                                      cstackBANK0  000062
vfpfcnvrt@fmt                                       cstackCOMRAM 000049
vfpfcnvrt@fp                                        cstackCOMRAM 000047
vfpfcnvrt@ll                                        cstackBANK0  000066
vfpfcnvrt@llu                                       cstackBANK0  00006F
vfprintf@ap                                         cstackBANK0  00007B
vfprintf@cfmt                                       cstackCOMRAM 000057
vfprintf@fmt                                        cstackBANK0  000079
vfprintf@fp                                         cstackBANK0  000077
wtemp8                                              temp         00005D
xTaskCreate@i                                       cstackBANK0  0000A1
xTaskCreate@pcName                                  cstackBANK0  000095
xTaskCreate@pvTaskCode                              cstackBANK0  00009D
xTaskCreate@pvTaskRateMs                            cstackBANK0  000099
xTaskCreate@xPriority                               cstackBANK0  000097
xtoa@c                                              cstackCOMRAM 000045
xtoa@d                                              cstackCOMRAM 000022
xtoa@fp                                             cstackCOMRAM 000020
xtoa@i                                              cstackCOMRAM 000043
xtoa@n                                              cstackCOMRAM 00003B
xtoa@p                                              cstackCOMRAM 000037
xtoa@w                                              cstackCOMRAM 000039
xtoa@x                                              cstackCOMRAM 00002A


MODULE INFORMATION

Module		Function		Class		Link	Load	Size
C:\Program Files\Microchip\xc8\v2.32\pic\sources\c99\common\awdiv.c
		___awdiv       		CODE           	38F2	0000	196

C:\Program Files\Microchip\xc8\v2.32\pic\sources\c99\common\awdiv.c estimated size: 196

C:\Program Files\Microchip\xc8\v2.32\pic\sources\c99\common\nf_sprintf.c
		_sprintf       		CODE           	4710	0000	82

C:\Program Files\Microchip\xc8\v2.32\pic\sources\c99\common\nf_sprintf.c estimated size: 82

C:\Program Files\Microchip\xc8\v2.32\pic\sources\c99\common\isdigit.c
		_isdigit       		CODE           	4B1C	0000	56

C:\Program Files\Microchip\xc8\v2.32\pic\sources\c99\common\isdigit.c estimated size: 56

EUSART.c
		_putch         		CODE           	4DCC	0000	22
		_EUSART_SerialBegin		CODE           	43CC	0000	102

EUSART.c estimated size: 124

TMR1.c
		_TMR1_Initialize		CODE           	4CE8	0000	38
		_TMR1_Enable_Interrupt		CODE           	4D74	0000	32
		_TMR1_Clear_Flag_Ovf		CODE           	4EE4	0000	4
		_TMR1_ISR      		CODE           	4EB0	0000	12

TMR1.c estimated size: 86

C:\Program Files\Microchip\xc8\v2.32\pic\sources\c99\common\doprnt.c
		_vfpfcnvrt     		CODE           	006C	0000	2052
		_pad           		CODE           	382C	0000	198
		_dtoa          		CODE           	14C2	0000	740
		_vfprintf      		CODE           	4432	0000	98
		_stoa          		CODE           	241A	0000	412
		_utoa          		CODE           	2034	0000	516
		_xtoa          		CODE           	1D5A	0000	730

C:\Program Files\Microchip\xc8\v2.32\pic\sources\c99\common\doprnt.c estimated size: 4746

I2C_Master.c
		_I2C_SendACK_FromMaster		CODE           	4E0E	0000	22
		_I2C_ReStartMaster		CODE           	4E4C	0000	20
		_I2C_StartMaster		CODE           	4E74	0000	20
		_I2C_SendNotACK_FromMaster		CODE           	4DF8	0000	22
		_I2C_BeginMaster		CODE           	4552	0000	94
		_I2C_StopMaster		CODE           	4E60	0000	20
		_I2C_WriteWordMaster		CODE           	4A70	0000	60
		_I2C_ReadMaster		CODE           	4B8C	0000	54
		_I2C_WriteMaster		CODE           	4BC2	0000	48

I2C_Master.c estimated size: 360

millis.c
		_Millis_Get    		CODE           	4C20	0000	42
		_Millis_Init   		CODE           	4EBC	0000	10
		_MillisISR     		CODE           	4E88	0000	16

millis.c estimated size: 68

pcf8574.c
		_pcf8574_SendData		CODE           	49B8	0000	64

pcf8574.c estimated size: 64

C:\Program Files\Microchip\xc8\v2.32\pic\sources\c99\common\lomod.c
		___lomod       		CODE           	3692	0000	208

C:\Program Files\Microchip\xc8\v2.32\pic\sources\c99\common\lomod.c estimated size: 208

ConfBits_RealBoardPLL.c
		_OSCILATOR_Init		CODE           	4EA4	0000	12

ConfBits_RealBoardPLL.c estimated size: 12

C:\Program Files\Microchip\xc8\v2.32\pic\sources\c99\common\memcpy.c
		_memcpy        		CODE           	4804	0000	80

C:\Program Files\Microchip\xc8\v2.32\pic\sources\c99\common\memcpy.c estimated size: 80

C:\Program Files\Microchip\xc8\v2.32\pic\sources\c99\common\atoi.c
		_atoi          		CODE           	25B6	0000	400

C:\Program Files\Microchip\xc8\v2.32\pic\sources\c99\common\atoi.c estimated size: 400

C:\Program Files\Microchip\xc8\v2.32\pic\sources\c99\common\nf_fputs.c
		_fputs         		CODE           	4934	0000	68

C:\Program Files\Microchip\xc8\v2.32\pic\sources\c99\common\nf_fputs.c estimated size: 68

C:\Program Files\Microchip\xc8\v2.32\pic\sources\c99\common\isupper.c
		_isupper       		CODE           	4AE4	0000	56

C:\Program Files\Microchip\xc8\v2.32\pic\sources\c99\common\isupper.c estimated size: 56

C:\Program Files\Microchip\xc8\v2.32\pic\sources\c99\common\Umul16.c
		___wmul        		CODE           	4CC2	0000	38

C:\Program Files\Microchip\xc8\v2.32\pic\sources\c99\common\Umul16.c estimated size: 38

C:\Program Files\Microchip\xc8\v2.32\pic\sources\c99\common\abs.c
		_abs           		CODE           	4978	0000	64

C:\Program Files\Microchip\xc8\v2.32\pic\sources\c99\common\abs.c estimated size: 64

C:\Program Files\Microchip\xc8\v2.32\pic\sources\c99\common\aomod.c
		___aomod       		CODE           	2BB0	0000	356

C:\Program Files\Microchip\xc8\v2.32\pic\sources\c99\common\aomod.c estimated size: 356

C:\Program Files\Microchip\xc8\v2.32\pic\sources\c99\common\isspace.c
		_isspace       		CODE           	4762	0000	82

C:\Program Files\Microchip\xc8\v2.32\pic\sources\c99\common\isspace.c estimated size: 82

EEPROM_24C32A.c
		_EEPROM_Write_Page		CODE           	3D20	0000	158
		_EEPROM_Sequential_Read		CODE           	31E0	0000	256

EEPROM_24C32A.c estimated size: 414

TMR2.c
		_Timer2_Turn_On		CODE           	4EE0	0000	4
		_Timer2_Initialize		CODE           	4E24	0000	20
		_Timer2_Turn_Off		CODE           	4EDC	0000	4

TMR2.c estimated size: 28

C:\Program Files\Microchip\xc8\v2.32\pic\sources\c99\common\islower.c
		_islower       		CODE           	4AAC	0000	56

C:\Program Files\Microchip\xc8\v2.32\pic\sources\c99\common\islower.c estimated size: 56

C:\Program Files\Microchip\xc8\v2.32\pic\sources\c99\common\lodiv.c
		___lodiv       		CODE           	34C4	0000	240

C:\Program Files\Microchip\xc8\v2.32\pic\sources\c99\common\lodiv.c estimated size: 240

C:\Program Files\Microchip\xc8\v2.32\pic\sources\c99\common\strncmp.c
		_strncmp       		CODE           	35B4	0000	222

C:\Program Files\Microchip\xc8\v2.32\pic\sources\c99\common\strncmp.c estimated size: 222

shared
		_tempDegSymbol 		MEDIUMCONST    	7C61	0000	8
		__initialization		CODE           	4296	0000	90

shared estimated size: 98

C:\Program Files\Microchip\xc8\v2.32\pic\sources\c99\common\awmod.c
		___awmod       		CODE           	3B26	0000	176

C:\Program Files\Microchip\xc8\v2.32\pic\sources\c99\common\awmod.c estimated size: 176

DS1307.c
		_DS1307_Read_TimeDate		CODE           	33D2	0000	242
		___DS1307_Build_To_TimeDate		CODE           	1A80	0000	730
		_DS1307_Set_TimeDate		CODE           	39B6	0000	186
		_DS1307_GetISR_FlagStatus		CODE           	4ED6	0000	6
		_DS1307_ISR    		CODE           	4ECE	0000	8
		_DS1307_ClearsISR_Flag		CODE           	4EC6	0000	8
		_DS1307_Conf_Init		CODE           	3FF0	0000	120
		___DS1307_Retreive_From_TimeDate		CODE           	2238	0000	482

DS1307.c estimated size: 1782

RTOS.c
		_xTaskCreate   		CODE           	2A4A	0000	358
		_vTaskStartScheduler		CODE           	17A6	0000	730
		_vTaskDelay    		CODE           	47B4	0000	80
		_PORT_Init     		CODE           	4D94	0000	30
		_vHardwareInit 		CODE           	0E60	0000	846

RTOS.c estimated size: 2044

C:\Program Files\Microchip\xc8\v2.32\pic\sources\c99\common\toupper.c
		_toupper       		CODE           	44F4	0000	94

C:\Program Files\Microchip\xc8\v2.32\pic\sources\c99\common\toupper.c estimated size: 94

ds18b20.c
		___ds18b20_Start_Reset_Signal		CODE           	4DE2	0000	22
		_ds18b20_Read_Real_Temperature		CODE           	2E4E	0000	306
		___ds18b20_Read_bit		CODE           	41BE	0000	110
		___ds18b20_Check_Response		CODE           	40DC	0000	114
		___ds18b20_Read_Byte		CODE           	414E	0000	112
		_ds18b20_Read_ROM		CODE           	2F80	0000	306
		_ds18b20_Init  		CODE           	4D34	0000	32
		_ds18b20_Read_Raw_Temperature		CODE           	3A70	0000	182
		___ds18b20_Write_bit		CODE           	3DBE	0000	148
		___ds18b20_Write_byte		CODE           	4B54	0000	56
		_ds18b20_Configure		CODE           	3EE2	0000	136

ds18b20.c estimated size: 1524

C:\Program Files\Microchip\xc8\v2.32\pic\sources\c99\common\isalpha.c
		_isalpha       		CODE           	49F8	0000	60

C:\Program Files\Microchip\xc8\v2.32\pic\sources\c99\common\isalpha.c estimated size: 60

C:\Program Files\Microchip\xc8\v2.32\pic\sources\c99\common\lwdiv.c
		___lwdiv       		CODE           	4068	0000	116

C:\Program Files\Microchip\xc8\v2.32\pic\sources\c99\common\lwdiv.c estimated size: 116

LCD_I2C.c
		_LCD_I2C_Cmd   		CODE           	4A34	0000	60
		_LCD_I2C_Write_New_Char		CODE           	4C4A	0000	40
		_LCD_I2C_Init  		CODE           	46BC	0000	84
		_LCD_I2C_New_Char		CODE           	11AE	0000	788
		_LCD_I2C_Clear 		CODE           	4DB2	0000	26
		_LCD_I2C_Print_String		CODE           	4366	0000	102
		_LCD_I2C_SetCursor		CODE           	30B2	0000	302
		_LCD_I2C_Print_Char		CODE           	4D0E	0000	38
		_LCD_I2C_DataBus		CODE           	4D54	0000	32

LCD_I2C.c estimated size: 1472

C:\Program Files\Microchip\xc8\v2.32\pic\sources\c99\common\printf.c
		_printf        		CODE           	4C72	0000	40

C:\Program Files\Microchip\xc8\v2.32\pic\sources\c99\common\printf.c estimated size: 40

C:\Program Files\Microchip\xc8\v2.32\pic\sources\c99\common\nf_fputc.c
		_fputc         		CODE           	3762	0000	202

C:\Program Files\Microchip\xc8\v2.32\pic\sources\c99\common\nf_fputc.c estimated size: 202

C:\Program Files\Microchip\xc8\v2.32\pic\sources\c99\common\aodiv.c
		___aodiv       		CODE           	2746	0000	392

C:\Program Files\Microchip\xc8\v2.32\pic\sources\c99\common\aodiv.c estimated size: 392

C:\Program Files\Microchip\xc8\v2.32\pic\sources\c99\common\__lldiv.c
		___lldiv       		CODE           	3C7C	0000	164

C:\Program Files\Microchip\xc8\v2.32\pic\sources\c99\common\__lldiv.c estimated size: 164

main.c
		_LCD_Time_Cadence_Alarm_Update		CODE           	48A2	0000	74
		_Task4         		CODE           	422C	0000	106
		_main          		CODE           	28CE	0000	380
		_Task5         		CODE           	0870	0000	1520
		_LCD_Update    		CODE           	3BD6	0000	166
		_Task6         		CODE           	48EC	0000	72
		_LCD_Temperature_Offset_Alarm_Update		CODE           	460C	0000	90
		_Task1         		CODE           	4494	0000	96
		_LCD_Temperature_Alarm_Update		CODE           	42FE	0000	104
		_Task7         		CODE           	3E52	0000	144
		_Task2         		CODE           	3F6A	0000	134
		_Task8         		CODE           	2D14	0000	314
		_LCD_Time_Alarm_Update		CODE           	4666	0000	86
		_LCD_All_Alarms_Update_OK		CODE           	4BF2	0000	46
		_Task3         		CODE           	32E0	0000	242

main.c estimated size: 3574

C:\Program Files\Microchip\xc8\v2.32\pic\sources\c99\common\strlen.c
		_strlen        		CODE           	4854	0000	78

C:\Program Files\Microchip\xc8\v2.32\pic\sources\c99\common\strlen.c estimated size: 78

INTERRUPT_Controller.c
		_ISR_High_Priority		CODE           	0008	0000	46
		_INTERRUUPT_Init		CODE           	4E38	0000	20
		_ISR_Low_Priority		CODE           	0018	0000	80

INTERRUPT_Controller.c estimated size: 146

C:\Program Files\Microchip\xc8\v2.32\pic\sources\c99\common\strcpy.c
		_strcpy        		CODE           	45B0	0000	92

C:\Program Files\Microchip\xc8\v2.32\pic\sources\c99\common\strcpy.c estimated size: 92

